WARNING - 2026-07-24 14:34:09 --> [DEPRECATED] fgetcsv(): the $escape parameter must be provided as its default value will change in APPPATH/Controllers/Search.php on line 108.
 1 APPPATH/Controllers/Search.php(108): fgetcsv(resource (stream), 0, ';')
 2 SYSTEMPATH/CodeIgniter.php(933): App\Controllers\Search->project('TEST01')
 3 SYSTEMPATH/CodeIgniter.php(507): CodeIgniter\CodeIgniter->runController(Object(App\Controllers\Search))
 4 SYSTEMPATH/CodeIgniter.php(354): CodeIgniter\CodeIgniter->handleRequest(null, Object(Config\Cache), false)
 5 SYSTEMPATH/Boot.php(363): CodeIgniter\CodeIgniter->run()
 6 SYSTEMPATH/Boot.php(68): CodeIgniter\Boot::runCodeIgniter(Object(CodeIgniter\CodeIgniter))
 7 FCPATH/index.php(59): CodeIgniter\Boot::bootWeb(Object(Config\Paths))
 8 SYSTEMPATH/rewrite.php(44): require_once('/Users/diego/Documents/GitHub/propedia26/public/index.php')
WARNING - 2026-07-24 14:34:09 --> [DEPRECATED] fgetcsv(): the $escape parameter must be provided as its default value will change in APPPATH/Controllers/Search.php on line 131.
 1 APPPATH/Controllers/Search.php(131): fgetcsv(resource (stream), 0, ';')
 2 SYSTEMPATH/CodeIgniter.php(933): App\Controllers\Search->project('TEST01')
 3 SYSTEMPATH/CodeIgniter.php(507): CodeIgniter\CodeIgniter->runController(Object(App\Controllers\Search))
 4 SYSTEMPATH/CodeIgniter.php(354): CodeIgniter\CodeIgniter->handleRequest(null, Object(Config\Cache), false)
 5 SYSTEMPATH/Boot.php(363): CodeIgniter\CodeIgniter->run()
 6 SYSTEMPATH/Boot.php(68): CodeIgniter\Boot::runCodeIgniter(Object(CodeIgniter\CodeIgniter))
 7 FCPATH/index.php(59): CodeIgniter\Boot::bootWeb(Object(Config\Paths))
 8 SYSTEMPATH/rewrite.php(44): require_once('/Users/diego/Documents/GitHub/propedia26/public/index.php')
WARNING - 2026-07-24 14:34:09 --> [DEPRECATED] fgetcsv(): the $escape parameter must be provided as its default value will change in APPPATH/Controllers/Search.php on line 133.
 1 APPPATH/Controllers/Search.php(133): fgetcsv(resource (stream), 0, ';')
 2 SYSTEMPATH/CodeIgniter.php(933): App\Controllers\Search->project('TEST01')
 3 SYSTEMPATH/CodeIgniter.php(507): CodeIgniter\CodeIgniter->runController(Object(App\Controllers\Search))
 4 SYSTEMPATH/CodeIgniter.php(354): CodeIgniter\CodeIgniter->handleRequest(null, Object(Config\Cache), false)
 5 SYSTEMPATH/Boot.php(363): CodeIgniter\CodeIgniter->run()
 6 SYSTEMPATH/Boot.php(68): CodeIgniter\Boot::runCodeIgniter(Object(CodeIgniter\CodeIgniter))
 7 FCPATH/index.php(59): CodeIgniter\Boot::bootWeb(Object(Config\Paths))
 8 SYSTEMPATH/rewrite.php(44): require_once('/Users/diego/Documents/GitHub/propedia26/public/index.php')
DEBUG - 2026-07-24 14:34:09 --> Session: Class initialized using 'CodeIgniter\Session\Handlers\FileHandler' driver.
WARNING - 2026-07-24 14:34:38 --> [DEPRECATED] fgetcsv(): the $escape parameter must be provided as its default value will change in APPPATH/Controllers/Search.php on line 108.
 1 APPPATH/Controllers/Search.php(108): fgetcsv(resource (stream), 0, ';')
 2 SYSTEMPATH/CodeIgniter.php(933): App\Controllers\Search->project('TEST01')
 3 SYSTEMPATH/CodeIgniter.php(507): CodeIgniter\CodeIgniter->runController(Object(App\Controllers\Search))
 4 SYSTEMPATH/CodeIgniter.php(354): CodeIgniter\CodeIgniter->handleRequest(null, Object(Config\Cache), false)
 5 SYSTEMPATH/Boot.php(363): CodeIgniter\CodeIgniter->run()
 6 SYSTEMPATH/Boot.php(68): CodeIgniter\Boot::runCodeIgniter(Object(CodeIgniter\CodeIgniter))
 7 FCPATH/index.php(59): CodeIgniter\Boot::bootWeb(Object(Config\Paths))
 8 SYSTEMPATH/rewrite.php(44): require_once('/Users/diego/Documents/GitHub/propedia26/public/index.php')
DEBUG - 2026-07-24 14:34:38 --> Session: Class initialized using 'CodeIgniter\Session\Handlers\FileHandler' driver.
WARNING - 2026-07-24 14:34:58 --> [DEPRECATED] fgetcsv(): the $escape parameter must be provided as its default value will change in APPPATH/Controllers/Search.php on line 108.
 1 APPPATH/Controllers/Search.php(108): fgetcsv(resource (stream), 0, ';')
 2 SYSTEMPATH/CodeIgniter.php(933): App\Controllers\Search->project('TEST01')
 3 SYSTEMPATH/CodeIgniter.php(507): CodeIgniter\CodeIgniter->runController(Object(App\Controllers\Search))
 4 SYSTEMPATH/CodeIgniter.php(354): CodeIgniter\CodeIgniter->handleRequest(null, Object(Config\Cache), false)
 5 SYSTEMPATH/Boot.php(363): CodeIgniter\CodeIgniter->run()
 6 SYSTEMPATH/Boot.php(68): CodeIgniter\Boot::runCodeIgniter(Object(CodeIgniter\CodeIgniter))
 7 FCPATH/index.php(59): CodeIgniter\Boot::bootWeb(Object(Config\Paths))
 8 SYSTEMPATH/rewrite.php(44): require_once('/Users/diego/Documents/GitHub/propedia26/public/index.php')
WARNING - 2026-07-24 14:34:58 --> [DEPRECATED] fgetcsv(): the $escape parameter must be provided as its default value will change in APPPATH/Controllers/Search.php on line 131.
 1 APPPATH/Controllers/Search.php(131): fgetcsv(resource (stream), 0, ';')
 2 SYSTEMPATH/CodeIgniter.php(933): App\Controllers\Search->project('TEST01')
 3 SYSTEMPATH/CodeIgniter.php(507): CodeIgniter\CodeIgniter->runController(Object(App\Controllers\Search))
 4 SYSTEMPATH/CodeIgniter.php(354): CodeIgniter\CodeIgniter->handleRequest(null, Object(Config\Cache), false)
 5 SYSTEMPATH/Boot.php(363): CodeIgniter\CodeIgniter->run()
 6 SYSTEMPATH/Boot.php(68): CodeIgniter\Boot::runCodeIgniter(Object(CodeIgniter\CodeIgniter))
 7 FCPATH/index.php(59): CodeIgniter\Boot::bootWeb(Object(Config\Paths))
 8 SYSTEMPATH/rewrite.php(44): require_once('/Users/diego/Documents/GitHub/propedia26/public/index.php')
WARNING - 2026-07-24 14:34:58 --> [DEPRECATED] fgetcsv(): the $escape parameter must be provided as its default value will change in APPPATH/Controllers/Search.php on line 133.
 1 APPPATH/Controllers/Search.php(133): fgetcsv(resource (stream), 0, ';')
 2 SYSTEMPATH/CodeIgniter.php(933): App\Controllers\Search->project('TEST01')
 3 SYSTEMPATH/CodeIgniter.php(507): CodeIgniter\CodeIgniter->runController(Object(App\Controllers\Search))
 4 SYSTEMPATH/CodeIgniter.php(354): CodeIgniter\CodeIgniter->handleRequest(null, Object(Config\Cache), false)
 5 SYSTEMPATH/Boot.php(363): CodeIgniter\CodeIgniter->run()
 6 SYSTEMPATH/Boot.php(68): CodeIgniter\Boot::runCodeIgniter(Object(CodeIgniter\CodeIgniter))
 7 FCPATH/index.php(59): CodeIgniter\Boot::bootWeb(Object(Config\Paths))
 8 SYSTEMPATH/rewrite.php(44): require_once('/Users/diego/Documents/GitHub/propedia26/public/index.php')
WARNING - 2026-07-24 14:34:58 --> [DEPRECATED] fgetcsv(): the $escape parameter must be provided as its default value will change in APPPATH/Controllers/Search.php on line 133.
 1 APPPATH/Controllers/Search.php(133): fgetcsv(resource (stream), 0, ';')
 2 SYSTEMPATH/CodeIgniter.php(933): App\Controllers\Search->project('TEST01')
 3 SYSTEMPATH/CodeIgniter.php(507): CodeIgniter\CodeIgniter->runController(Object(App\Controllers\Search))
 4 SYSTEMPATH/CodeIgniter.php(354): CodeIgniter\CodeIgniter->handleRequest(null, Object(Config\Cache), false)
 5 SYSTEMPATH/Boot.php(363): CodeIgniter\CodeIgniter->run()
 6 SYSTEMPATH/Boot.php(68): CodeIgniter\Boot::runCodeIgniter(Object(CodeIgniter\CodeIgniter))
 7 FCPATH/index.php(59): CodeIgniter\Boot::bootWeb(Object(Config\Paths))
 8 SYSTEMPATH/rewrite.php(44): require_once('/Users/diego/Documents/GitHub/propedia26/public/index.php')
WARNING - 2026-07-24 14:34:58 --> [DEPRECATED] fgetcsv(): the $escape parameter must be provided as its default value will change in APPPATH/Controllers/Search.php on line 133.
 1 APPPATH/Controllers/Search.php(133): fgetcsv(resource (stream), 0, ';')
 2 SYSTEMPATH/CodeIgniter.php(933): App\Controllers\Search->project('TEST01')
 3 SYSTEMPATH/CodeIgniter.php(507): CodeIgniter\CodeIgniter->runController(Object(App\Controllers\Search))
 4 SYSTEMPATH/CodeIgniter.php(354): CodeIgniter\CodeIgniter->handleRequest(null, Object(Config\Cache), false)
 5 SYSTEMPATH/Boot.php(363): CodeIgniter\CodeIgniter->run()
 6 SYSTEMPATH/Boot.php(68): CodeIgniter\Boot::runCodeIgniter(Object(CodeIgniter\CodeIgniter))
 7 FCPATH/index.php(59): CodeIgniter\Boot::bootWeb(Object(Config\Paths))
 8 SYSTEMPATH/rewrite.php(44): require_once('/Users/diego/Documents/GitHub/propedia26/public/index.php')
DEBUG - 2026-07-24 14:34:58 --> Session: Class initialized using 'CodeIgniter\Session\Handlers\FileHandler' driver.
